[templatekit.jegtheme.com/docbook/index.html]
[templatekit.jegtheme.com/docbook/xmlrpc.php]
[backblue.gif]
[fade.gif]
[index.html]
[templatekit.jegtheme.com/docbook/wp-content/plugins/jeg-elementor-kit/assets/css/elements/main61da.css]
[templatekit.jegtheme.com/docbook/wp-includes/css/dist/block-library/style.minaec2.css]
[templatekit.jegtheme.com/docbook/wp-content/plugins/woocommerce/packages/woocommerce-blocks/build/wc-blocks-vendors-style556e.css]
[templatekit.jegtheme.com/docbook/wp-content/plugins/woocommerce/packages/woocommerce-blocks/build/wc-blocks-style556e.css]
[templatekit.jegtheme.com/docbook/wp-content/plugins/allow-webp-image/public/css/allow-webp-image-publicf269.css]
[templatekit.jegtheme.com/docbook/wp-content/plugins/template-kit-export/public/assets/css/template-kit-export-public.min365c.css]
[templatekit.jegtheme.com/docbook/wp-content/plugins/woocommerce/assets/css/woocommerce-layout9c05.css]
[templatekit.jegtheme.com/docbook/wp-content/plugins/woocommerce/assets/css/woocommerce-smallscreen9c05.css]
[templatekit.jegtheme.com/docbook/wp-content/plugins/woocommerce/assets/css/woocommerce9c05.css]
[templatekit.jegtheme.com/docbook/wp-content/plugins/elementor/assets/lib/eicons/css/elementor-icons.min192d.css]
[templatekit.jegtheme.com/docbook/wp-content/plugins/elementor/assets/css/frontend-lite.min8864.css]
[templatekit.jegtheme.com/docbook/feed/index.html]
[templatekit.jegtheme.com/docbook/wp-content/plugins/elementor/assets/lib/swiper/css/swiper.min48f5.css]
[templatekit.jegtheme.com/docbook/wp-content/uploads/sites/277/elementor/css/post-3e50b.css]
[templatekit.jegtheme.com/docbook/wp-content/uploads/sites/277/elementor/css/global13f0.css]
[templatekit.jegtheme.com/docbook/wp-content/uploads/sites/277/elementor/css/post-13542c9.css]
[templatekit.jegtheme.com/docbook/wp-content/plugins/elementor/assets/lib/font-awesome/css/all.min8864.css]
[templatekit.jegtheme.com/docbook/comments/feed/index.html]
[templatekit.jegtheme.com/docbook/wp-content/plugins/elementor/assets/lib/font-awesome/css/v4-shims.min8864.css]
[templatekit.jegtheme.com/docbook/wp-content/plugins/metform/public/assets/css/text-editor9e95.css]
[templatekit.jegtheme.com/docbook/wp-content/themes/hello-elementor/style.minc141.css]
[templatekit.jegtheme.com/docbook/wp-content/themes/hello-elementor/theme.minc141.css]
[templatekit.jegtheme.com/docbook/wp-content/plugins/jeg-elementor-kit/assets/fonts/jkiticon/jkiticon61da.css]
[templatekit.jegtheme.com/docbook/wp-content/plugins/elementor/assets/lib/font-awesome/css/fontawesome.min52d5.css]
[templatekit.jegtheme.com/docbook/wp-content/plugins/elementor/assets/lib/font-awesome/css/solid.min52d5.css]
[templatekit.jegtheme.com/docbook/wp-includes/js/jquery/jquery.minf43b.js]
[templatekit.jegtheme.com/docbook/wp-includes/js/jquery/jquery-migrate.min5589.js]
[templatekit.jegtheme.com/docbook/wp-content/plugins/allow-webp-image/public/js/allow-webp-image-publicf269.js]
[templatekit.jegtheme.com/docbook/wp-content/plugins/template-kit-export/public/assets/js/template-kit-export-public.min365c.js]
[templatekit.jegtheme.com/docbook/wp-content/plugins/elementor/assets/lib/font-awesome/js/v4-shims.min8864.js]
[templatekit.jegtheme.com/docbook/wp-json/index.html]
[templatekit.jegtheme.com/docbook/wp-json/wp/v2/pages/135.json]
[templatekit.jegtheme.com/docbook/xmlrpc0db0.php]
[templatekit.jegtheme.com/docbook/wp-json/oembed/1.0/embed955a.json]
[templatekit.jegtheme.com/docbook/wp-json/oembed/1.0/embedc87e]
[templatekit.jegtheme.com/docbook/wp-content/uploads/sites/277/2022/05/bg-RBE99FA-e1691462024629.jpg]
[templatekit.jegtheme.com/docbook/wp-content/uploads/sites/277/2022/05/logo-K5JKH6-e1653361097467.png]
[templatekit.jegtheme.com/docbook/wp-content/uploads/sites/277/2022/05/logo2-K5JKH6-e1653361132924.png]
[templatekit.jegtheme.com/docbook/wp-content/plugins/elementor/assets/css/widget-icon-list.min.css]
[templatekit.jegtheme.com/docbook/wp-content/uploads/sites/277/2022/05/Book2-Cover-Mockup-S32EJNB.png]
[templatekit.jegtheme.com/docbook/wp-content/uploads/sites/277/2022/05/book-6.png]
[templatekit.jegtheme.com/docbook/wp-content/uploads/sites/277/2022/05/book-13-300x300.png]
[templatekit.jegtheme.com/docbook/wp-content/uploads/sites/277/2022/05/book-15-300x300.png]
[templatekit.jegtheme.com/docbook/wp-content/uploads/sites/277/2022/05/book-8-300x300.png]
[templatekit.jegtheme.com/docbook/wp-content/uploads/sites/277/2022/05/book-5-300x300.png]
[templatekit.jegtheme.com/docbook/wp-content/uploads/sites/277/2022/05/book-2.png]
[templatekit.jegtheme.com/docbook/wp-content/uploads/sites/277/2022/05/book-4-300x300.png]
[templatekit.jegtheme.com/docbook/wp-content/uploads/sites/277/2022/05/book-14-300x300.png]
[templatekit.jegtheme.com/docbook/wp-content/uploads/sites/277/2022/05/book-10-300x300.png]
[templatekit.jegtheme.com/docbook/wp-content/uploads/sites/277/2022/05/book-11-300x300.png]
[templatekit.jegtheme.com/docbook/wp-content/uploads/sites/277/2022/05/crazy-horse-e1653361383778.jpg]
[templatekit.jegtheme.com/docbook/wp-content/uploads/sites/277/2022/05/focused-businessman-thinking-in-red-color-filter-e1653361463977.jpg]
[templatekit.jegtheme.com/docbook/wp-content/uploads/sites/277/2022/05/sky-is-the-limit-e1653361394376.jpg]
[templatekit.jegtheme.com/docbook/book-details/index.html]
[templatekit.jegtheme.com/docbook/shop-page/index.html]
[templatekit.jegtheme.com/docbook/about/index.html]
[templatekit.jegtheme.com/docbook/wp-content/uploads/sites/277/2022/05/book-e1653361347857.jpg]
[templatekit.jegtheme.com/docbook/wp-content/uploads/sites/277/2022/05/dandelion-seeds-floating-in-air-e1653361405624.jpg]
[templatekit.jegtheme.com/docbook/wp-content/uploads/sites/277/2022/05/unidentified-flying-object-alien-abduction-clipping-path-e1653361438728.jpg]
[templatekit.jegtheme.com/docbook/wp-content/uploads/sites/277/2022/05/mystery-e1653361452803.jpg]
[templatekit.jegtheme.com/docbook/wp-content/uploads/sites/277/2022/05/breakfast-with-a-book-in-the-open-air-steam-over-a-thermo-cup-e1653361335460.jpg]
[templatekit.jegtheme.com/docbook/wp-content/uploads/sites/277/2022/05/lilac-breasted-roller-in-the-serengeti-tanzania-e1653361419112.jpg]
[templatekit.jegtheme.com/docbook/faq/index.html]
[templatekit.jegtheme.com/docbook/authors/index.html]
[templatekit.jegtheme.com/docbook/blog/index.html]
[templatekit.jegtheme.com/docbook/wp-content/uploads/sites/277/2022/05/book-8.png]
[templatekit.jegtheme.com/docbook/2022/05/20/how-to-become-a-beginner-book-writer/index.html]
[templatekit.jegtheme.com/docbook/contact/index.html]
[templatekit.jegtheme.com/docbook/wp-content/uploads/sites/277/2022/05/book-13.png]
[templatekit.jegtheme.com/docbook/wp-content/uploads/sites/277/2022/05/book-9.png]
[templatekit.jegtheme.com/docbook/cart/index.html]
[templatekit.jegtheme.com/docbook/wp-content/uploads/sites/277/2022/05/book-1.png]
[templatekit.jegtheme.com/docbook/product/aenean-art-design/index.html]
[templatekit.jegtheme.com/docbook/wp-content/uploads/sites/277/2022/05/book-4.png]
[templatekit.jegtheme.com/docbook/index4850.html]
[templatekit.jegtheme.com/docbook/product/aenean-typography/index.html]
[templatekit.jegtheme.com/docbook/wp-content/uploads/sites/277/2022/05/pov-of-business-woman-talking-on-video-call-in-off-4LUUPWJ-150x150.jpg]
[templatekit.jegtheme.com/docbook/indexdaaf.html]
[templatekit.jegtheme.com/docbook/wp-content/uploads/sites/277/2022/05/software-developer-at-office-TM9GY2C-150x150.jpg]
[templatekit.jegtheme.com/docbook/product/art-of-life-vol-16/index.html]
[templatekit.jegtheme.com/docbook/wp-content/uploads/sites/277/2022/05/portrait-of-two-confident-female-designers-at-offi-L55KUTY-150x150.jpg]
[templatekit.jegtheme.com/docbook/product/book-of-psalms/index.html]
[templatekit.jegtheme.com/docbook/wp-content/uploads/sites/277/2022/05/programmer-with-notebook-sitting-in-autumn-park-HPAWSZN-150x150.jpg]
[templatekit.jegtheme.com/docbook/indexf4c6.html]
[templatekit.jegtheme.com/docbook/wp-content/uploads/sites/277/2022/05/happy-female-video-editor-works-indoors-in-creativ-YU3YPTH-150x150.jpg]
[templatekit.jegtheme.com/docbook/wp-content/uploads/sites/277/2022/05/reading-the-book.jpg]
[templatekit.jegtheme.com/docbook/wp-content/uploads/sites/277/2022/05/woman-sitting-at-the-table-and-taking-notes-at-home-e1653361504204.jpg]
[templatekit.jegtheme.com/docbook/wp-content/uploads/sites/277/2022/05/shadow-of-plam-leave-on-white-background-e1653361544164.jpg]
[templatekit.jegtheme.com/docbook/product/cereal-vol-14-2019/index.html]
[templatekit.jegtheme.com/docbook/index1c5c.html]
[templatekit.jegtheme.com/docbook/wp-content/uploads/sites/277/elementor/css/post-85242c9.css]
[templatekit.jegtheme.com/docbook/wp-content/plugins/elementor/assets/lib/font-awesome/css/brands.min52d5.css]
[templatekit.jegtheme.com/docbook/product/design-anthology/index.html]
[templatekit.jegtheme.com/docbook/index1557.html]
[templatekit.jegtheme.com/docbook/wp-content/uploads/sites/277/elementor/css/post-7842c9.css]
[templatekit.jegtheme.com/docbook/product/fluid-color-design/index.html]
[templatekit.jegtheme.com/docbook/index51e2.html]
[templatekit.jegtheme.com/docbook/wp-content/plugins/jeg-elementor-kit/assets/js/sweetalert2/sweetalert2.min430c.css]
[templatekit.jegtheme.com/docbook/product/geometric-vol-01/index.html]
[templatekit.jegtheme.com/docbook/wp-content/plugins/jeg-elementor-kit/assets/js/tiny-slider/tiny-sliderf342.css]
[templatekit.jegtheme.com/docbook/indexa2f1.html]
[templatekit.jegtheme.com/docbook/wp-content/uploads/sites/277/elementor/css/post-856a89e.css]
[templatekit.jegtheme.com/docbook/product/geometric-vol-02/index.html]
[templatekit.jegtheme.com/docbook/indexe2ad.html]
[templatekit.jegtheme.com/docbook/wp-content/plugins/elementor/assets/lib/animations/animations.min8864.css]
[templatekit.jegtheme.com/docbook/product-category/comedy/index.html]
[templatekit.jegtheme.com/docbook/wp-content/plugins/woocommerce/assets/js/jquery-blockui/jquery.blockUI.minc993.js]
[templatekit.jegtheme.com/docbook/index26b1.html]
[templatekit.jegtheme.com/docbook/wp-content/plugins/woocommerce/assets/js/frontend/add-to-cart.min9c05.js]
[templatekit.jegtheme.com/docbook/product-category/dictionary/index.html]
[templatekit.jegtheme.com/docbook/wp-content/plugins/woocommerce/assets/js/js-cookie/js.cookie.minc97d.js]
[templatekit.jegtheme.com/docbook/product-category/drama/index.html]
[templatekit.jegtheme.com/docbook/wp-content/plugins/woocommerce/assets/js/frontend/woocommerce.min9c05.js]
[templatekit.jegtheme.com/docbook/product-category/essays/index.html]
[templatekit.jegtheme.com/docbook/wp-content/plugins/woocommerce/assets/js/frontend/cart-fragments.min9c05.js]
[templatekit.jegtheme.com/docbook/product-category/fantasy/index.html]
[templatekit.jegtheme.com/docbook/wp-content/themes/hello-elementor/assets/js/hello-frontend.min8a54.js]
[templatekit.jegtheme.com/docbook/product-category/fiction/index.html]
[templatekit.jegtheme.com/docbook/wp-content/plugins/elementor/assets/js/webpack.runtime.min8864.js]
[templatekit.jegtheme.com/docbook/product-category/novel/index.html]
[templatekit.jegtheme.com/docbook/product-category/mystery/index.html]
[templatekit.jegtheme.com/docbook/wp-content/plugins/elementor/assets/js/frontend-modules.min8864.js]
[templatekit.jegtheme.com/docbook/product-category/sci-fi/index.html]
[templatekit.jegtheme.com/docbook/wp-content/plugins/elementor/assets/lib/waypoints/waypoints.min05da.js]
[templatekit.jegtheme.com/docbook/wp-includes/js/jquery/ui/core.min3f14.js]
[templatekit.jegtheme.com/docbook/product/pilus-journey/index.html]
[templatekit.jegtheme.com/docbook/wp-content/plugins/elementor/assets/js/frontend.min8864.js]
[templatekit.jegtheme.com/docbook/wp-content/plugins/jeg-elementor-kit/assets/js/elements/sticky-element61da.js]
[templatekit.jegtheme.com/docbook/wp-content/plugins/jeg-elementor-kit/assets/js/elements/nav-menu61da.js]
[templatekit.jegtheme.com/docbook/wp-content/plugins/jeg-elementor-kit/assets/js/elements/off-canvas61da.js]
[templatekit.jegtheme.com/docbook/wp-content/uploads/sites/277/2022/05/young-male-writer-with-black-curly-hair-sitting-indoors-in-cafe-with-pen-and-notepad-e1653361521160.43.delaye]
[templatekit.jegtheme.com/docbook/wp-content/plugins/jeg-elementor-kit/assets/js/elements/search61da.js]
[templatekit.jegtheme.com/docbook/product/psychology-of-money/index.html]
[templatekit.jegtheme.com/docbook/indexfa27.html]
[templatekit.jegtheme.com/docbook/wp-content/plugins/jeg-elementor-kit/assets/js/sweetalert2/sweetalert2.min430c.js]
[templatekit.jegtheme.com/docbook/wp-content/plugins/jeg-elementor-kit/assets/js/elements/animated-text61da.js]
[templatekit.jegtheme.com/docbook/wp-content/plugins/jeg-elementor-kit/assets/js/elements/post-pagination61da.js]
[templatekit.jegtheme.com/docbook/wp-content/plugins/jeg-elementor-kit/assets/js/elements/countdown61da.js]
[templatekit.jegtheme.com/docbook/wp-content/plugins/jeg-elementor-kit/assets/js/elements/product-carousel61da.js]
[templatekit.jegtheme.com/docbook/indexfeb1.html]
[templatekit.jegtheme.com/docbook/wp-content/plugins/jeg-elementor-kit/assets/js/tiny-slider/tiny-sliderf342.js]
[templatekit.jegtheme.com/docbook/wp-content/plugins/jeg-elementor-kit/assets/js/elements/testimonials61da.js]
[templatekit.jegtheme.com/docbook/wp-content/plugins/jeg-elementor-kit/assets/js/elements/mailchimp61da.js]
[templatekit.jegtheme.com/docbook/index.html]
[templatekit.jegtheme.com/docbook/xmlrpc.html]
[templatekit.jegtheme.com/docbook/wp-content/plugins/jeg-elementor-kit/assets/img/letter-x.svg]
[templatekit.jegtheme.com/docbook/wp-content/plugins/jeg-elementor-kit/assets/css/elements/main61da.css]
[templatekit.jegtheme.com/docbook/wp-includes/css/dist/block-library/style.minaec2.css]
[templatekit.jegtheme.com/docbook/wp-content/plugins/woocommerce/packages/woocommerce-blocks/build/wc-blocks-vendors-style556e.css]
[templatekit.jegtheme.com/docbook/wp-content/plugins/woocommerce/packages/woocommerce-blocks/build/wc-blocks-style556e.css]
[templatekit.jegtheme.com/docbook/wp-content/plugins/allow-webp-image/public/css/allow-webp-image-publicf269.css]
[templatekit.jegtheme.com/docbook/wp-content/plugins/template-kit-export/public/assets/css/template-kit-export-public.min365c.css]
[templatekit.jegtheme.com/docbook/wp-content/plugins/woocommerce/assets/css/woocommerce-layout9c05.css]
[templatekit.jegtheme.com/docbook/wp-content/plugins/woocommerce/assets/css/woocommerce-smallscreen9c05.css]
[templatekit.jegtheme.com/docbook/2022/05/20/7-books-to-fight-laziness-boredom/index.html]
[templatekit.jegtheme.com/docbook/indexe2f2.html]
[templatekit.jegtheme.com/docbook/wp-content/plugins/woocommerce/assets/fonts/star.eot]
[templatekit.jegtheme.com/docbook/wp-content/plugins/woocommerce/assets/fonts/stard41d.eot]
[templatekit.jegtheme.com/docbook/2022/05/20/jenny-oprahs-latest-book-club-pick/index.html]
[templatekit.jegtheme.com/docbook/wp-content/plugins/woocommerce/assets/fonts/star.woff]
[templatekit.jegtheme.com/docbook/wp-content/plugins/woocommerce/assets/fonts/star.ttf]
[templatekit.jegtheme.com/docbook/wp-content/plugins/woocommerce/assets/fonts/star.svg]
[templatekit.jegtheme.com/docbook/wp-content/plugins/woocommerce/assets/fonts/WooCommerce.eot]
[templatekit.jegtheme.com/docbook/wp-content/plugins/woocommerce/assets/fonts/WooCommerced41d.eot]
[templatekit.jegtheme.com/docbook/wp-content/plugins/woocommerce/assets/fonts/WooCommerce.woff]
[templatekit.jegtheme.com/docbook/wp-content/plugins/woocommerce/assets/fonts/WooCommerce.ttf]
[templatekit.jegtheme.com/docbook/wp-content/plugins/woocommerce/assets/fonts/WooCommerce.svg]
[templatekit.jegtheme.com/docbook/wp-content/plugins/woocommerce/assets/images/icons/loader.svg]
[templatekit.jegtheme.com/docbook/wp-content/plugins/woocommerce/assets/images/icons/credit-cards/visa.svg]
[templatekit.jegtheme.com/docbook/wp-content/plugins/woocommerce/assets/images/icons/credit-cards/mastercard.svg]
[templatekit.jegtheme.com/docbook/wp-content/plugins/woocommerce/assets/images/icons/credit-cards/laser.svg]
[templatekit.jegtheme.com/docbook/wp-content/plugins/woocommerce/assets/images/icons/credit-cards/diners.svg]
[templatekit.jegtheme.com/docbook/wp-content/plugins/woocommerce/assets/images/icons/credit-cards/maestro.svg]
[templatekit.jegtheme.com/docbook/wp-content/plugins/woocommerce/assets/images/icons/credit-cards/jcb.svg]
[templatekit.jegtheme.com/docbook/wp-content/plugins/woocommerce/assets/images/icons/credit-cards/amex.svg]
[templatekit.jegtheme.com/docbook/wp-content/plugins/woocommerce/assets/images/icons/credit-cards/discover.svg]
[templatekit.jegtheme.com/docbook/wp-content/plugins/woocommerce/assets/css/woocommerce9c05.css]
[templatekit.jegtheme.com/docbook/wp-content/plugins/elementor/assets/lib/eicons/fonts/eicons9506.eot]
[templatekit.jegtheme.com/docbook/wp-content/plugins/elementor/assets/lib/eicons/fonts/eicons9506.woff2]
[templatekit.jegtheme.com/docbook/wp-content/plugins/elementor/assets/lib/eicons/fonts/eicons9506.woff]
[templatekit.jegtheme.com/docbook/wp-content/plugins/elementor/assets/lib/eicons/fonts/eicons9506.ttf]
[templatekit.jegtheme.com/docbook/wp-content/plugins/elementor/assets/lib/eicons/css/elementor-icons.min192d.css]
[templatekit.jegtheme.com/docbook/wp-content/plugins/elementor/assets/css/frontend-lite.min8864.css]
[templatekit.jegtheme.com/docbook/wp-content/plugins/elementor/assets/lib/swiper/css/swiper.min48f5.css]
[templatekit.jegtheme.com/docbook/wp-content/uploads/sites/277/elementor/css/post-3e50b.css]
[templatekit.jegtheme.com/docbook/wp-content/uploads/sites/277/elementor/css/global13f0.css]
[templatekit.jegtheme.com/docbook/wp-content/plugins/elementor/assets/lib/eicons/fonts/eicons9506.svg]
[templatekit.jegtheme.com/docbook/wp-content/uploads/sites/277/2022/05/bg-2.jpg]
[templatekit.jegtheme.com/docbook/wp-content/uploads/sites/277/2022/05/pastel-memphis-patterned-background-e1653361152864.jpg]
[templatekit.jegtheme.com/docbook/wp-content/uploads/sites/277/2022/05/book-53463DQ.jpg]
[templatekit.jegtheme.com/docbook/wp-content/uploads/sites/277/2022/05/book-F5JTQFT.jpg]
[templatekit.jegtheme.com/docbook/wp-content/uploads/sites/277/2022/05/17.jpg]
[templatekit.jegtheme.com/docbook/wp-content/uploads/sites/277/elementor/css/post-13542c9.css]
[templatekit.jegtheme.com/docbook/wp-content/uploads/sites/277/2022/05/book-S2B63E2.jpg]
[templatekit.jegtheme.com/docbook/wp-content/plugins/elementor/assets/lib/font-awesome/webfonts/fa-brands-400.eot]
[templatekit.jegtheme.com/docbook/wp-content/plugins/elementor/assets/lib/font-awesome/webfonts/fa-brands-400d41d.eot]
[templatekit.jegtheme.com/docbook/wp-content/plugins/elementor/assets/lib/font-awesome/webfonts/fa-brands-400.woff2]
[templatekit.jegtheme.com/docbook/wp-content/plugins/elementor/assets/lib/font-awesome/webfonts/fa-brands-400.woff]
[templatekit.jegtheme.com/docbook/wp-content/plugins/elementor/assets/lib/font-awesome/webfonts/fa-brands-400.ttf]
[templatekit.jegtheme.com/docbook/wp-content/plugins/elementor/assets/lib/font-awesome/webfonts/fa-brands-400.svg]
[templatekit.jegtheme.com/docbook/wp-content/plugins/elementor/assets/lib/font-awesome/webfonts/fa-regular-400.eot]
[templatekit.jegtheme.com/docbook/wp-content/plugins/elementor/assets/lib/font-awesome/webfonts/fa-regular-400d41d.eot]
[templatekit.jegtheme.com/docbook/wp-content/plugins/elementor/assets/lib/font-awesome/webfonts/fa-regular-400.woff2]
[templatekit.jegtheme.com/docbook/wp-content/plugins/elementor/assets/lib/font-awesome/webfonts/fa-regular-400.woff]
[templatekit.jegtheme.com/docbook/wp-content/plugins/elementor/assets/lib/font-awesome/webfonts/fa-regular-400.ttf]
[templatekit.jegtheme.com/docbook/wp-content/plugins/elementor/assets/lib/font-awesome/webfonts/fa-regular-400.svg]
[templatekit.jegtheme.com/docbook/wp-content/plugins/elementor/assets/lib/font-awesome/webfonts/fa-solid-900.eot]
[templatekit.jegtheme.com/docbook/wp-content/plugins/elementor/assets/lib/font-awesome/webfonts/fa-solid-900d41d.eot]
[templatekit.jegtheme.com/docbook/wp-content/plugins/elementor/assets/lib/font-awesome/webfonts/fa-solid-900.woff2]
[templatekit.jegtheme.com/docbook/wp-content/plugins/elementor/assets/lib/font-awesome/webfonts/fa-solid-900.woff]
[templatekit.jegtheme.com/docbook/wp-content/plugins/elementor/assets/lib/font-awesome/webfonts/fa-solid-900.ttf]
[templatekit.jegtheme.com/docbook/wp-content/plugins/elementor/assets/lib/font-awesome/css/all.min8864.css]
[templatekit.jegtheme.com/docbook/wp-content/plugins/elementor/assets/lib/font-awesome/css/v4-shims.min8864.css]
[templatekit.jegtheme.com/docbook/wp-content/plugins/metform/public/assets/css/text-editor9e95.css]
[templatekit.jegtheme.com/docbook/wp-content/themes/hello-elementor/style.minc141.css]
[templatekit.jegtheme.com/docbook/wp-content/themes/hello-elementor/theme.minc141.css]
[templatekit.jegtheme.com/docbook/wp-content/plugins/elementor/assets/lib/font-awesome/webfonts/fa-solid-900.svg]
[templatekit.jegtheme.com/docbook/wp-content/plugins/jeg-elementor-kit/assets/fonts/jkiticon/jkiticon7107.woff2]
[templatekit.jegtheme.com/docbook/wp-content/plugins/jeg-elementor-kit/assets/fonts/jkiticon/jkiticon7107.eot]
[templatekit.jegtheme.com/docbook/wp-content/plugins/jeg-elementor-kit/assets/fonts/jkiticon/jkiticon7107.woff]
[templatekit.jegtheme.com/docbook/wp-content/plugins/jeg-elementor-kit/assets/fonts/jkiticon/jkiticon7107.ttf]
[templatekit.jegtheme.com/docbook/wp-content/plugins/jeg-elementor-kit/assets/fonts/jkiticon/jkiticon61da.css]
[templatekit.jegtheme.com/docbook/wp-content/plugins/elementor/assets/lib/font-awesome/css/fontawesome.min52d5.css]
[templatekit.jegtheme.com/docbook/wp-content/plugins/elementor/assets/lib/font-awesome/css/solid.min52d5.css]
[templatekit.jegtheme.com/docbook/xmlrpc0db0.html]
[templatekit.jegtheme.com/docbook/wp-content/uploads/sites/277/elementor/css/post-10621bd7.css]
[templatekit.jegtheme.com/docbook/wp-content/plugins/jeg-elementor-kit/assets/fonts/jkiticon/jkiticon7107.svg]
[templatekit.jegtheme.com/docbook/wp-json/wp/v2/pages/1062.json]
[templatekit.jegtheme.com/docbook/wp-json/oembed/1.0/embedb05e.json]
[templatekit.jegtheme.com/docbook/wp-json/oembed/1.0/embed87fa]
[templatekit.jegtheme.com/docbook/wp-content/uploads/sites/277/2022/05/book-12-300x300.png]
[templatekit.jegtheme.com/docbook/shop-page/index4850.html]
[templatekit.jegtheme.com/docbook/wp-content/uploads/sites/277/2022/05/book-3-300x300.png]
[templatekit.jegtheme.com/docbook/shop-page/indexdaaf.html]
[templatekit.jegtheme.com/docbook/shop-page/indexf4c6.html]
[templatekit.jegtheme.com/docbook/shop-page/index.html]
[templatekit.jegtheme.com/docbook/shop-page/index1c5c.html]
[templatekit.jegtheme.com/docbook/wp-content/uploads/sites/277/2022/05/book-7-300x300.png]
[templatekit.jegtheme.com/docbook/shop-page/index1557.html]
[templatekit.jegtheme.com/docbook/shop-page/index51e2.html]
[templatekit.jegtheme.com/docbook/shop-page/indexa2f1.html]
[templatekit.jegtheme.com/docbook/wp-content/uploads/sites/277/elementor/css/post-1472e441.css]
[templatekit.jegtheme.com/docbook/shop-page/index26b1.html]
[templatekit.jegtheme.com/docbook/shop-page/indexe2ad.html]
[templatekit.jegtheme.com/docbook/product/geometric-vol-03/index.html]
[templatekit.jegtheme.com/docbook/shop-page/indexddd5.html]
[templatekit.jegtheme.com/docbook/wp-json/wp/v2/pages/1472.json]
[templatekit.jegtheme.com/docbook/product/modern-life-hacks/index.html]
[templatekit.jegtheme.com/docbook/product/how-innovation-works/index.html]
[templatekit.jegtheme.com/docbook/shop-page/index7789.html]
[templatekit.jegtheme.com/docbook/wp-json/oembed/1.0/embed1286.json]
[templatekit.jegtheme.com/docbook/shop-page/indexf539.html]
[templatekit.jegtheme.com/docbook/wp-json/oembed/1.0/embed0d70]
[templatekit.jegtheme.com/docbook/wp-content/uploads/sites/277/2022/05/book-15.png]
[templatekit.jegtheme.com/docbook/book-details/index51e2.html]
[templatekit.jegtheme.com/docbook/book-details/index1557.html]
[templatekit.jegtheme.com/docbook/product/rucksack-vol-02/index.html]
[templatekit.jegtheme.com/docbook/wp-content/uploads/sites/277/2022/05/book-3.png]
[templatekit.jegtheme.com/docbook/wp-content/plugins/jeg-elementor-kit/assets/js/goodshare/goodshare.minb5e1.js]
[templatekit.jegtheme.com/docbook/book-details/index7e21.html]
[templatekit.jegtheme.com/docbook/book-details/indexdaaf.html]
[templatekit.jegtheme.com/docbook/book-details/index7789.html]
[templatekit.jegtheme.com/docbook/wp-content/plugins/jeg-elementor-kit/assets/js/elements/tabs61da.js]
[templatekit.jegtheme.com/docbook/book-details/index.html]
[templatekit.jegtheme.com/docbook/wp-content/uploads/sites/277/elementor/css/post-91016cc.css]
[templatekit.jegtheme.com/docbook/book-details/index4850.html]
[templatekit.jegtheme.com/docbook/wp-json/wp/v2/pages/910.json]
[templatekit.jegtheme.com/docbook/wp-json/oembed/1.0/embed5074.json]
[templatekit.jegtheme.com/docbook/wp-json/oembed/1.0/embed69d6]
[templatekit.jegtheme.com/docbook/wp-content/uploads/sites/277/elementor/thumbs/books-and-glasses--e1653361621771-pp9o3jl3ql6ffbmv2wjd45abzl2l94h5f2to84n5ww.jpg]
[templatekit.jegtheme.com/docbook/wp-content/uploads/sites/277/2022/05/aged-writer-5P5PH99.jpg]
[templatekit.jegtheme.com/docbook/wp-content/uploads/sites/277/elementor/thumbs/vintage-photo-of-coffee-and-books-e1653361606434-pp9o35hiw2n4l67cd8fykquf2t031nx6d51e0z82i8.b0.delay]
[templatekit.jegtheme.com/docbook/wp-content/uploads/sites/277/2022/05/thinking-of-ideas-NGNBS9H.jpg]
[templatekit.jegtheme.com/docbook/wp-content/uploads/sites/277/2022/05/portrait-of-confident-male-therapist-in-suit-sitti-YNKQ6R6.jpg]
[templatekit.jegtheme.com/docbook/wp-content/uploads/sites/277/2022/05/young-female-psychologist-in-eyeglasses-writing-on-W24GVKH.jpg]
[templatekit.jegtheme.com/docbook/wp-content/uploads/sites/277/2022/05/woman-sitting-at-the-table-and-taking-notes-at-hom-CY667L5.jpg]
[templatekit.jegtheme.com/docbook/wp-content/uploads/sites/277/2022/05/happy-businesswoman-BVQDFCK.jpg]
[templatekit.jegtheme.com/docbook/wp-content/uploads/sites/277/2022/05/woman-with-sketch-book-in-park-TXU44N9.jpg]
[templatekit.jegtheme.com/docbook/wp-content/uploads/sites/277/2022/05/professional-psychologist-4Y9CSZM.jpg]
[templatekit.jegtheme.com/docbook/wp-content/plugins/jeg-elementor-kit/assets/js/elements/progress-bar61da.js]
[templatekit.jegtheme.com/docbook/wp-content/plugins/jeg-elementor-kit/assets/js/elements/team61da.js]
[templatekit.jegtheme.com/docbook/about/index.html]
[templatekit.jegtheme.com/docbook/wp-content/uploads/sites/277/elementor/css/post-1156cc2c.css]
[templatekit.jegtheme.com/docbook/wp-json/wp/v2/pages/1156.json]
[templatekit.jegtheme.com/docbook/wp-json/oembed/1.0/embedf8b0.json]
[templatekit.jegtheme.com/docbook/wp-json/oembed/1.0/embed8d94]
[templatekit.jegtheme.com/docbook/wp-content/plugins/jeg-elementor-kit/assets/js/elements/accordion61da.js]
[templatekit.jegtheme.com/docbook/faq/index.html]
[templatekit.jegtheme.com/docbook/wp-content/uploads/sites/277/elementor/thumbs/cheerful-ethnic-woman-reading-book-in-cafe-e1653361716101-pp9o60vqjzrnzoj4uhlaju2r006mmq4qy2psn1ykf4]
[templatekit.jegtheme.com/docbook/wp-content/uploads/sites/277/elementor/css/post-11454670.css]
[templatekit.jegtheme.com/docbook/wp-json/wp/v2/pages/1145.json]
[templatekit.jegtheme.com/docbook/wp-json/oembed/1.0/embed1c2b.json]
[templatekit.jegtheme.com/docbook/wp-json/oembed/1.0/embed2e74]
[templatekit.jegtheme.com/docbook/authors/index.html]
[templatekit.jegtheme.com/docbook/wp-content/uploads/sites/277/elementor/css/post-1186be95.css]
[templatekit.jegtheme.com/docbook/wp-json/wp/v2/pages/1186.json]
[templatekit.jegtheme.com/docbook/wp-json/oembed/1.0/embed8b68.json]
[templatekit.jegtheme.com/docbook/wp-json/oembed/1.0/embed5250]
[templatekit.jegtheme.com/docbook/wp-content/uploads/sites/277/2022/05/fresh-ideas-e1653361494390.jpg]
[templatekit.jegtheme.com/docbook/wp-content/uploads/sites/277/2022/05/reading-a-book-e1653361486654.jpg]
[templatekit.jegtheme.com/docbook/2022/05/20/behind-the-scenes-with-special-author/index.html]
[templatekit.jegtheme.com/docbook/blog/index.html]
[templatekit.jegtheme.com/docbook/wp-content/uploads/sites/277/2022/05/woman-sitting-near-the-window-and-writing-her-story-on-the-notepad--e1653361476705.jpg]
[templatekit.jegtheme.com/docbook/wp-content/uploads/sites/277/elementor/css/post-7247bec.css]
[templatekit.jegtheme.com/docbook/2022/05/20/top-10-books-to-make-your-better/index.html]
[templatekit.jegtheme.com/docbook/2022/05/20/author-special-q-a-with-jessica-grey/index.html]
[templatekit.jegtheme.com/docbook/2022/05/20/how-to-become-a-beginner-book-writer/feed/index.html]
[templatekit.jegtheme.com/docbook/wp-json/wp/v2/posts/724.json]
[templatekit.jegtheme.com/docbook/wp-json/oembed/1.0/embed4244.json]
[templatekit.jegtheme.com/docbook/wp-json/oembed/1.0/embed897f]
[templatekit.jegtheme.com/docbook/wp-includes/js/comment-reply.minaec2.js]
[templatekit.jegtheme.com/docbook/2022/05/20/how-to-become-a-beginner-book-writer/index.html]
[templatekit.jegtheme.com/docbook/wp-content/uploads/sites/277/elementor/css/post-119808e5.css]
[templatekit.jegtheme.com/docbook/tag/writer/index.html]
[templatekit.jegtheme.com/docbook/wp-json/wp/v2/pages/1198.json]
[templatekit.jegtheme.com/docbook/wp-json/oembed/1.0/embed6f4f.json]
[templatekit.jegtheme.com/docbook/wp-json/oembed/1.0/embed837f]
[templatekit.jegtheme.com/docbook/wp-content/uploads/sites/277/elementor/css/post-1209d2d9.css]
[templatekit.jegtheme.com/docbook/wp-content/plugins/metform/public/assets/css/metform-ui9e95.css]
[templatekit.jegtheme.com/docbook/wp-content/plugins/metform/public/assets/css/style9e95.css]
[templatekit.jegtheme.com/docbook/wp-content/plugins/metform/public/assets/js/htm9e95.js]
[templatekit.jegtheme.com/docbook/wp-includes/js/dist/vendor/wp-polyfill-inert.min0226.js]
[templatekit.jegtheme.com/docbook/wp-includes/js/dist/vendor/regenerator-runtime.min6c85.js]
[templatekit.jegtheme.com/docbook/wp-includes/js/dist/vendor/wp-polyfill.min2c7c.js]
[templatekit.jegtheme.com/docbook/wp-includes/js/dist/vendor/react.min7a3b.js]
[templatekit.jegtheme.com/docbook/wp-includes/js/dist/vendor/react-dom.min7a3b.js]
[templatekit.jegtheme.com/docbook/wp-includes/js/dist/escape-html.min0311.js]
[templatekit.jegtheme.com/docbook/wp-includes/js/dist/element.min0eb1.js]
[templatekit.jegtheme.com/docbook/contact/index.html]
[templatekit.jegtheme.com/docbook/wp-content/plugins/metform/public/assets/js/app9e95.js]
[templatekit.jegtheme.com/docbook/wp-content/plugins/woocommerce/assets/css/select29c05.css]
[templatekit.jegtheme.com/docbook/wp-content/uploads/sites/277/elementor/css/post-7f151.css]
[templatekit.jegtheme.com/docbook/wp-json/wp/v2/pages/7.json]
[templatekit.jegtheme.com/docbook/wp-json/oembed/1.0/embeddf2c.json]
[templatekit.jegtheme.com/docbook/wp-json/oembed/1.0/embede37e]
[templatekit.jegtheme.com/docbook/wp-content/plugins/woocommerce/assets/js/frontend/country-select.min9c05.js]
[templatekit.jegtheme.com/docbook/wp-content/plugins/woocommerce/assets/js/frontend/address-i18n.min9c05.js]
[templatekit.jegtheme.com/docbook/wp-content/plugins/woocommerce/assets/js/frontend/cart.min9c05.js]
[templatekit.jegtheme.com/docbook/shop/index.html]
[templatekit.jegtheme.com/docbook/cart/index.html]
[templatekit.jegtheme.com/docbook/wp-content/plugins/elementor/assets/css/widget-icon-list.min.css]
[templatekit.jegtheme.com/docbook/wp-content/plugins/woocommerce/assets/js/selectWoo/selectWoo.full.mina0ab.js]
[templatekit.jegtheme.com/docbook/wp-content/plugins/woocommerce/assets/css/photoswipe/photoswipe.min9c05.css]
[templatekit.jegtheme.com/docbook/wp-content/plugins/woocommerce/assets/css/photoswipe/default-skin/default-skin.min9c05.css]
[templatekit.jegtheme.com/docbook/product/aenean-art-design/feed/index.html]
[templatekit.jegtheme.com/docbook/wp-json/wp/v2/product/42.json]
[templatekit.jegtheme.com/docbook/wp-json/oembed/1.0/embed8e42.json]
[templatekit.jegtheme.com/docbook/wp-json/oembed/1.0/embed317f]
[templatekit.jegtheme.com/docbook/wp-content/uploads/sites/277/2022/05/book-13-600x600.png]
[templatekit.jegtheme.com/docbook/wp-content/plugins/woocommerce/assets/js/zoom/jquery.zoom.min1c31.js]
[templatekit.jegtheme.com/docbook/wp-content/plugins/woocommerce/assets/js/flexslider/jquery.flexslider.minad39.js]
[templatekit.jegtheme.com/docbook/product/aenean-art-design/indexdaaf.html]
[templatekit.jegtheme.com/docbook/wp-content/plugins/woocommerce/assets/js/photoswipe/photoswipe.min10c3.js]
[templatekit.jegtheme.com/docbook/product/aenean-art-design/indexa2f1.html]
[templatekit.jegtheme.com/docbook/product/aenean-art-design/indexf539.html]
[templatekit.jegtheme.com/docbook/wp-content/plugins/woocommerce/assets/js/photoswipe/photoswipe-ui-default.min10c3.js]
[templatekit.jegtheme.com/docbook/product/aenean-art-design/index.html]
[templatekit.jegtheme.com/docbook/wp-content/plugins/woocommerce/assets/js/frontend/single-product.min9c05.js]
[templatekit.jegtheme.com/docbook/index4850.html]
[templatekit.jegtheme.com/docbook/wp-content/uploads/sites/277/2022/05/book-14.png]
[templatekit.jegtheme.com/docbook/product/aenean-typography/feed/index.html]
[templatekit.jegtheme.com/docbook/wp-json/wp/v2/product/44.json]
[templatekit.jegtheme.com/docbook/wp-json/oembed/1.0/embed11db.json]
[templatekit.jegtheme.com/docbook/index7789.html]
[templatekit.jegtheme.com/docbook/wp-json/oembed/1.0/embed41f7]
[templatekit.jegtheme.com/docbook/product/aenean-typography/index.html]
[templatekit.jegtheme.com/docbook/product/aenean-typography/indexa2f1.html]
[templatekit.jegtheme.com/docbook/product/aenean-typography/index7789.html]
[templatekit.jegtheme.com/docbook/product/aenean-typography/index4850.html]
[templatekit.jegtheme.com/docbook/wp-content/uploads/sites/277/2022/05/book-15-600x600.png]
[templatekit.jegtheme.com/docbook/wp-content/uploads/sites/277/2022/05/book-11.png]
[templatekit.jegtheme.com/docbook/wp-content/uploads/sites/277/2022/05/book-7.png]
[templatekit.jegtheme.com/docbook/indexdaaf.html]
[templatekit.jegtheme.com/docbook/wp-content/uploads/sites/277/2022/05/book-5.png]
[templatekit.jegtheme.com/docbook/wp-json/wp/v2/product/37.json]
[templatekit.jegtheme.com/docbook/product/art-of-life-vol-16/feed/index.html]
[templatekit.jegtheme.com/docbook/indexf539.html]
[templatekit.jegtheme.com/docbook/wp-json/oembed/1.0/embed9b0e.json]
[templatekit.jegtheme.com/docbook/wp-json/oembed/1.0/embed65bf]
[templatekit.jegtheme.com/docbook/wp-content/uploads/sites/277/2022/05/book-8-600x600.png]
[templatekit.jegtheme.com/docbook/product/art-of-life-vol-16/index.html]
[templatekit.jegtheme.com/docbook/wp-content/uploads/sites/277/2022/05/book-1-300x300.png]
[templatekit.jegtheme.com/docbook/wp-content/uploads/sites/277/2022/05/book-12.png]
[templatekit.jegtheme.com/docbook/indexf4c6.html]
[templatekit.jegtheme.com/docbook/wp-content/uploads/sites/277/2022/05/book-10.png]
[templatekit.jegtheme.com/docbook/indexddd5.html]
[templatekit.jegtheme.com/docbook/product/art-of-life-vol-16/indexfeb1.html]
[templatekit.jegtheme.com/docbook/wp-json/wp/v2/product/35.json]
[templatekit.jegtheme.com/docbook/index7e21.html]
[templatekit.jegtheme.com/docbook/product/book-of-psalms/feed/index.html]
[templatekit.jegtheme.com/docbook/wp-json/oembed/1.0/embed3708.json]
[templatekit.jegtheme.com/docbook/wp-json/oembed/1.0/embede336]
[templatekit.jegtheme.com/docbook/product/book-of-psalms/index.html]
[templatekit.jegtheme.com/docbook/index1c5c.html]
[templatekit.jegtheme.com/docbook/wp-content/uploads/sites/277/2022/05/book-5-600x600.png]
[templatekit.jegtheme.com/docbook/wp-json/wp/v2/product/31.json]
[templatekit.jegtheme.com/docbook/product/cereal-vol-14-2019/feed/index.html]
[templatekit.jegtheme.com/docbook/wp-json/oembed/1.0/embed2809.json]
[templatekit.jegtheme.com/docbook/wp-json/oembed/1.0/embed2935]
[templatekit.jegtheme.com/docbook/product/cereal-vol-14-2019/index.html]
[templatekit.jegtheme.com/docbook/index1557.html]
[templatekit.jegtheme.com/docbook/wp-content/uploads/sites/277/2022/05/book-9-300x300.png]
[templatekit.jegtheme.com/docbook/wp-json/wp/v2/product/33.json]
[templatekit.jegtheme.com/docbook/product/design-anthology/feed/index.html]
[templatekit.jegtheme.com/docbook/product/cereal-vol-14-2019/indexfa27.html]
[templatekit.jegtheme.com/docbook/wp-json/oembed/1.0/embedae68.json]
[templatekit.jegtheme.com/docbook/wp-json/oembed/1.0/embeddfcc]
[templatekit.jegtheme.com/docbook/product/design-anthology/index.html]
[templatekit.jegtheme.com/docbook/index51e2.html]
[templatekit.jegtheme.com/docbook/wp-content/uploads/sites/277/2022/05/book-4-600x600.png]
[templatekit.jegtheme.com/docbook/wp-json/wp/v2/product/43.json]
[templatekit.jegtheme.com/docbook/product/fluid-color-design/feed/index.html]
[templatekit.jegtheme.com/docbook/wp-json/oembed/1.0/embedf228.json]
[templatekit.jegtheme.com/docbook/wp-json/oembed/1.0/embed8b5e]
[templatekit.jegtheme.com/docbook/wp-content/uploads/sites/277/2022/05/book-14-600x600.png]
[templatekit.jegtheme.com/docbook/product/fluid-color-design/index.html]
[templatekit.jegtheme.com/docbook/wp-content/uploads/sites/277/2022/05/book-6-300x300.png]
[templatekit.jegtheme.com/docbook/indexa2f1.html]
[templatekit.jegtheme.com/docbook/product/fluid-color-design/indexdaaf.html]
[templatekit.jegtheme.com/docbook/product/fluid-color-design/index7e21.html]
[templatekit.jegtheme.com/docbook/product/fluid-color-design/index4850.html]
[templatekit.jegtheme.com/docbook/product/geometric-vol-01/feed/index.html]
[templatekit.jegtheme.com/docbook/wp-json/wp/v2/product/39.json]
[templatekit.jegtheme.com/docbook/wp-json/oembed/1.0/embed8d30.json]
[templatekit.jegtheme.com/docbook/wp-json/oembed/1.0/embedebbb]
[templatekit.jegtheme.com/docbook/product/geometric-vol-01/index.html]
[templatekit.jegtheme.com/docbook/indexe2ad.html]
[templatekit.jegtheme.com/docbook/wp-content/uploads/sites/277/2022/05/book-10-600x600.png]
[templatekit.jegtheme.com/docbook/product/geometric-vol-02/feed/index.html]
[templatekit.jegtheme.com/docbook/product/geometric-vol-01/index26b1.html]
[templatekit.jegtheme.com/docbook/product/geometric-vol-01/indexddd5.html]
[templatekit.jegtheme.com/docbook/wp-json/wp/v2/product/40.json]
[templatekit.jegtheme.com/docbook/wp-json/oembed/1.0/embed3caa.json]
[templatekit.jegtheme.com/docbook/wp-json/oembed/1.0/embed961e]
[templatekit.jegtheme.com/docbook/product/geometric-vol-02/index.html]
[templatekit.jegtheme.com/docbook/index26b1.html]
[templatekit.jegtheme.com/docbook/wp-content/uploads/sites/277/2022/05/book-11-600x600.png]
[templatekit.jegtheme.com/docbook/product-category/comedy/feed/index.html]
[templatekit.jegtheme.com/docbook/product/geometric-vol-02/indexddd5.html]
[templatekit.jegtheme.com/docbook/wp-json/wp/v2/product_cat/21.json]
[templatekit.jegtheme.com/docbook/product-category/comedy/index.html]
[templatekit.jegtheme.com/docbook/product/geometric-vol-02/indexe2ad.html]
[templatekit.jegtheme.com/docbook/wp-json/wp/v2/product_cat/28.json]
[templatekit.jegtheme.com/docbook/product-category/dictionary/index.html]
[templatekit.jegtheme.com/docbook/product-category/comedy/indexf4c6.html]
[templatekit.jegtheme.com/docbook/product-category/comedy/indexfeb1.html]
[templatekit.jegtheme.com/docbook/product-category/dictionary/index4850.html]
[templatekit.jegtheme.com/docbook/product-category/dictionary/feed/index.html]
[templatekit.jegtheme.com/docbook/wp-json/wp/v2/product_cat/23.json]
[templatekit.jegtheme.com/docbook/product-category/drama/index.html]
[templatekit.jegtheme.com/docbook/product-category/dictionary/indexdaaf.html]
[templatekit.jegtheme.com/docbook/product-category/dictionary/indexa2f1.html]
[templatekit.jegtheme.com/docbook/product-category/drama/index1557.html]
[templatekit.jegtheme.com/docbook/product-category/drama/feed/index.html]
[templatekit.jegtheme.com/docbook/product-category/essays/feed/index.html]
[templatekit.jegtheme.com/docbook/wp-json/wp/v2/product_cat/26.json]
[templatekit.jegtheme.com/docbook/product-category/essays/index.html]
[templatekit.jegtheme.com/docbook/product-category/drama/indexfa27.html]
[templatekit.jegtheme.com/docbook/wp-json/wp/v2/product_cat/20.json]
[templatekit.jegtheme.com/docbook/product-category/fantasy/index.html]
[templatekit.jegtheme.com/docbook/product-category/essays/index7789.html]
[templatekit.jegtheme.com/docbook/product-category/essays/indexdaaf.html]
[templatekit.jegtheme.com/docbook/product-category/fantasy/index51e2.html]
[templatekit.jegtheme.com/docbook/product-category/fantasy/feed/index.html]
[templatekit.jegtheme.com/docbook/wp-json/wp/v2/product_cat/22.json]
[templatekit.jegtheme.com/docbook/product-category/fiction/index.html]
[templatekit.jegtheme.com/docbook/product-category/fiction/feed/index.html]
[templatekit.jegtheme.com/docbook/product-category/mystery/feed/index.html]
[templatekit.jegtheme.com/docbook/wp-json/wp/v2/product_cat/27.json]
[templatekit.jegtheme.com/docbook/product-category/mystery/index.html]
[templatekit.jegtheme.com/docbook/product-category/fiction/index7e21.html]
[templatekit.jegtheme.com/docbook/product-category/fiction/indexa2f1.html]
[templatekit.jegtheme.com/docbook/product-category/mystery/index26b1.html]
[templatekit.jegtheme.com/docbook/product-category/mystery/indexe2ad.html]
[templatekit.jegtheme.com/docbook/product-category/novel/feed/index.html]
[templatekit.jegtheme.com/docbook/product-category/mystery/indexddd5.html]
[templatekit.jegtheme.com/docbook/wp-json/wp/v2/product_cat/24.json]
[templatekit.jegtheme.com/docbook/product-category/novel/index.html]
[templatekit.jegtheme.com/docbook/wp-json/wp/v2/product_cat/25.json]
[templatekit.jegtheme.com/docbook/product-category/sci-fi/index.html]
[templatekit.jegtheme.com/docbook/product-category/novel/index1c5c.html]
[templatekit.jegtheme.com/docbook/product-category/sci-fi/index4850.html]
[templatekit.jegtheme.com/docbook/product-category/sci-fi/feed/index.html]
[templatekit.jegtheme.com/docbook/product-category/sci-fi/indexf539.html]
[templatekit.jegtheme.com/docbook/product/pilus-journey/feed/index.html]
[templatekit.jegtheme.com/docbook/wp-json/wp/v2/product/38.json]
[templatekit.jegtheme.com/docbook/wp-json/oembed/1.0/embedef97.json]
[templatekit.jegtheme.com/docbook/wp-json/oembed/1.0/embeda035]
[templatekit.jegtheme.com/docbook/product/pilus-journey/index.html]
[templatekit.jegtheme.com/docbook/indexfa27.html]
[templatekit.jegtheme.com/docbook/wp-content/uploads/sites/277/2022/05/book-9-600x600.png]
[templatekit.jegtheme.com/docbook/wp-json/wp/v2/product/30.json]
[templatekit.jegtheme.com/docbook/product/psychology-of-money/feed/index.html]
[templatekit.jegtheme.com/docbook/product/pilus-journey/index1557.html]
[templatekit.jegtheme.com/docbook/wp-json/oembed/1.0/embed941b.json]
[templatekit.jegtheme.com/docbook/wp-json/oembed/1.0/embedee1f]
[templatekit.jegtheme.com/docbook/product/psychology-of-money/index.html]
[templatekit.jegtheme.com/docbook/indexfeb1.html]
[templatekit.jegtheme.com/docbook/wp-content/uploads/sites/277/2022/05/book-1-600x600.png]
[templatekit.jegtheme.com/docbook/wp-content/uploads/sites/277/elementor/css/post-7254b01.css]
[templatekit.jegtheme.com/docbook/2022/05/20/7-books-to-fight-laziness-boredom/feed/index.html]
[templatekit.jegtheme.com/docbook/product/psychology-of-money/indexf4c6.html]
[templatekit.jegtheme.com/docbook/wp-json/wp/v2/posts/725.json]
[templatekit.jegtheme.com/docbook/wp-json/oembed/1.0/embed9d9b.json]
[templatekit.jegtheme.com/docbook/wp-json/oembed/1.0/embed29b3]
[templatekit.jegtheme.com/docbook/2022/05/20/7-books-to-fight-laziness-boredom/index.html]
[templatekit.jegtheme.com/docbook/wp-content/uploads/sites/277/elementor/css/post-726e87d.css]
[templatekit.jegtheme.com/docbook/2022/05/20/jenny-oprahs-latest-book-club-pick/feed/index.html]
[templatekit.jegtheme.com/docbook/tag/book/index.html]
[templatekit.jegtheme.com/docbook/wp-json/wp/v2/posts/726.json]
[templatekit.jegtheme.com/docbook/wp-json/oembed/1.0/embed7b89.json]
[templatekit.jegtheme.com/docbook/wp-json/oembed/1.0/embedf5f7]
[templatekit.jegtheme.com/docbook/2022/05/20/jenny-oprahs-latest-book-club-pick/index.html]
[templatekit.jegtheme.com/docbook/wp-content/plugins/jeg-elementor-kit/lib/jeg-framework/assets/css/jeg-dynamic-styles6f3e.css]
[templatekit.jegtheme.com/docbook/wp-content/uploads/sites/277/elementor/css/post-85242c9.css]
[templatekit.jegtheme.com/docbook/wp-content/plugins/elementor/assets/lib/font-awesome/css/brands.min52d5.css]
[templatekit.jegtheme.com/docbook/wp-content/uploads/sites/277/elementor/css/post-7842c9.css]
[templatekit.jegtheme.com/docbook/wp-content/plugins/jeg-elementor-kit/assets/js/sweetalert2/sweetalert2.min430c.css]
[templatekit.jegtheme.com/docbook/wp-content/plugins/jeg-elementor-kit/assets/js/tiny-slider/tiny-sliderf342.css]
[templatekit.jegtheme.com/docbook/wp-content/uploads/sites/277/elementor/css/post-856a89e.css]
[templatekit.jegtheme.com/docbook/wp-content/plugins/elementor/assets/lib/animations/animations.min8864.css]
[templatekit.jegtheme.com/docbook/indexe2f2.html]
[templatekit.jegtheme.com/docbook/wp-content/plugins/jeg-elementor-kit/assets/img/letter-x.svg]
[templatekit.jegtheme.com/docbook/wp-content/plugins/woocommerce/assets/fonts/star.svg]
[templatekit.jegtheme.com/docbook/wp-content/plugins/woocommerce/assets/fonts/WooCommerce.svg]
[templatekit.jegtheme.com/docbook/wp-content/plugins/woocommerce/assets/images/icons/loader.svg]
[templatekit.jegtheme.com/docbook/wp-content/plugins/woocommerce/assets/images/icons/credit-cards/visa.svg]
[templatekit.jegtheme.com/docbook/wp-content/plugins/woocommerce/assets/images/icons/credit-cards/mastercard.svg]
[templatekit.jegtheme.com/docbook/wp-content/plugins/woocommerce/assets/images/icons/credit-cards/laser.svg]
[templatekit.jegtheme.com/docbook/wp-content/plugins/woocommerce/assets/images/icons/credit-cards/diners.svg]
[templatekit.jegtheme.com/docbook/wp-content/plugins/woocommerce/assets/images/icons/credit-cards/maestro.svg]
[templatekit.jegtheme.com/docbook/wp-content/plugins/woocommerce/assets/images/icons/credit-cards/jcb.svg]
[templatekit.jegtheme.com/docbook/wp-content/plugins/woocommerce/assets/images/icons/credit-cards/amex.svg]
[templatekit.jegtheme.com/docbook/wp-content/plugins/woocommerce/assets/images/icons/credit-cards/discover.svg]
[templatekit.jegtheme.com/docbook/wp-content/plugins/elementor/assets/lib/eicons/fonts/eicons9506.svg]
[templatekit.jegtheme.com/docbook/wp-content/plugins/elementor/assets/lib/font-awesome/webfonts/fa-brands-400.svg]
[templatekit.jegtheme.com/docbook/wp-content/plugins/elementor/assets/lib/font-awesome/webfonts/fa-regular-400.svg]
[templatekit.jegtheme.com/docbook/wp-content/plugins/elementor/assets/lib/font-awesome/webfonts/fa-solid-900.svg]
[templatekit.jegtheme.com/docbook/wp-content/plugins/jeg-elementor-kit/assets/fonts/jkiticon/jkiticon7107.svg]
[templatekit.jegtheme.com/docbook/wp-content/uploads/sites/277/elementor/css/post-10621bd7.css]
[templatekit.jegtheme.com/docbook/index942e.html]
[templatekit.jegtheme.com/docbook/shop-page/index4850.html]
[templatekit.jegtheme.com/docbook/shop-page/indexdaaf.html]
[templatekit.jegtheme.com/docbook/shop-page/indexf4c6.html]
[templatekit.jegtheme.com/docbook/shop-page/index1c5c.html]
[templatekit.jegtheme.com/docbook/shop-page/index1557.html]
[templatekit.jegtheme.com/docbook/shop-page/index51e2.html]
[templatekit.jegtheme.com/docbook/shop-page/indexa2f1.html]
[templatekit.jegtheme.com/docbook/shop-page/indexe2ad.html]
[templatekit.jegtheme.com/docbook/shop-page/index26b1.html]
[templatekit.jegtheme.com/docbook/tag/author/index.html]
[templatekit.jegtheme.com/docbook/product/geometric-vol-03/feed/index.html]
[templatekit.jegtheme.com/docbook/wp-json/wp/v2/product/41.json]
[templatekit.jegtheme.com/docbook/wp-json/oembed/1.0/embed9a3d.json]
[templatekit.jegtheme.com/docbook/wp-json/oembed/1.0/embedffaf]
[templatekit.jegtheme.com/docbook/product/geometric-vol-03/index.html]
[templatekit.jegtheme.com/docbook/shop-page/indexddd5.html]
[templatekit.jegtheme.com/docbook/wp-content/uploads/sites/277/2022/05/book-12-600x600.png]
[templatekit.jegtheme.com/docbook/product/how-innovation-works/feed/index.html]
[templatekit.jegtheme.com/docbook/product/geometric-vol-03/index26b1.html]
[templatekit.jegtheme.com/docbook/product/geometric-vol-03/indexe2ad.html]
[templatekit.jegtheme.com/docbook/wp-json/wp/v2/product/32.json]
[templatekit.jegtheme.com/docbook/wp-json/oembed/1.0/embed1d70.json]
[templatekit.jegtheme.com/docbook/wp-json/oembed/1.0/embed82d3]
[templatekit.jegtheme.com/docbook/product/how-innovation-works/index.html]
[templatekit.jegtheme.com/docbook/shop-page/index7789.html]
[templatekit.jegtheme.com/docbook/wp-content/uploads/sites/277/2022/05/book-3-600x600.png]
[templatekit.jegtheme.com/docbook/wp-json/wp/v2/product/36.json]
[templatekit.jegtheme.com/docbook/product/modern-life-hacks/feed/index.html]
[templatekit.jegtheme.com/docbook/product/how-innovation-works/indexdaaf.html]
[templatekit.jegtheme.com/docbook/wp-json/oembed/1.0/embed0249.json]
[templatekit.jegtheme.com/docbook/wp-json/oembed/1.0/embed977d]
[templatekit.jegtheme.com/docbook/product/modern-life-hacks/index.html]
[templatekit.jegtheme.com/docbook/shop-page/indexf539.html]
[templatekit.jegtheme.com/docbook/wp-content/uploads/sites/277/elementor/css/post-1472e441.css]
[templatekit.jegtheme.com/docbook/indexd9ef.html]
[templatekit.jegtheme.com/docbook/book-details/index1557.html]
[templatekit.jegtheme.com/docbook/book-details/index51e2.html]
[templatekit.jegtheme.com/docbook/wp-content/uploads/sites/277/2022/05/book-7-600x600.png]
[templatekit.jegtheme.com/docbook/book-details/index26b1.html]
[templatekit.jegtheme.com/docbook/book-details/indexf4c6.html]
[templatekit.jegtheme.com/docbook/product/modern-life-hacks/index4850.html]
[templatekit.jegtheme.com/docbook/wp-json/wp/v2/product/34.json]
[templatekit.jegtheme.com/docbook/book-details/indexf539.html]
[templatekit.jegtheme.com/docbook/book-details/indexa2f1.html]
[templatekit.jegtheme.com/docbook/product/rucksack-vol-02/feed/index.html]
[templatekit.jegtheme.com/docbook/wp-json/oembed/1.0/embed4af5.json]
[templatekit.jegtheme.com/docbook/wp-json/oembed/1.0/embed6496]
[templatekit.jegtheme.com/docbook/product/rucksack-vol-02/index.html]
[templatekit.jegtheme.com/docbook/book-details/index7e21.html]
[templatekit.jegtheme.com/docbook/book-details/indexdaaf.html]
[templatekit.jegtheme.com/docbook/book-details/indexfa27.html]
[templatekit.jegtheme.com/docbook/book-details/index7789.html]
[templatekit.jegtheme.com/docbook/book-details/index1c5c.html]
[templatekit.jegtheme.com/docbook/book-details/index4850.html]
[templatekit.jegtheme.com/docbook/product/rucksack-vol-02/indexa2f1.html]
[templatekit.jegtheme.com/docbook/wp-content/uploads/sites/277/2022/05/book-6-600x600.png]
[templatekit.jegtheme.com/docbook/wp-content/uploads/sites/277/2022/05/minimal-books-background-aesthetic-positive-quotes-in-white-e1653361642997.jpg]
[templatekit.jegtheme.com/docbook/wp-content/uploads/sites/277/elementor/css/post-91016cc.css]
[templatekit.jegtheme.com/docbook/index0865.html]
[templatekit.jegtheme.com/docbook/wp-content/uploads/sites/277/elementor/css/post-1156cc2c.css]
[templatekit.jegtheme.com/docbook/indexe196.html]
[templatekit.jegtheme.com/docbook/wp-content/uploads/sites/277/elementor/css/post-11454670.css]
[templatekit.jegtheme.com/docbook/indexfdfc.html]
[templatekit.jegtheme.com/docbook/wp-content/uploads/sites/277/elementor/css/post-1186be95.css]
[templatekit.jegtheme.com/docbook/index275f.html]
[templatekit.jegtheme.com/docbook/wp-content/uploads/sites/277/2022/05/reading-a-book-1-e1653361680440.jpg]
[templatekit.jegtheme.com/docbook/wp-content/uploads/sites/277/elementor/css/post-72754d4.css]
[templatekit.jegtheme.com/docbook/2022/05/20/behind-the-scenes-with-special-author/feed/index.html]
[templatekit.jegtheme.com/docbook/book-details/indexddd5.html]
[templatekit.jegtheme.com/docbook/book-details/indexe2ad.html]
[templatekit.jegtheme.com/docbook/wp-json/wp/v2/posts/727.json]
[templatekit.jegtheme.com/docbook/wp-json/oembed/1.0/embed5c44.json]
[templatekit.jegtheme.com/docbook/wp-json/oembed/1.0/embedf54a]
[templatekit.jegtheme.com/docbook/2022/05/20/behind-the-scenes-with-special-author/index.html]
[templatekit.jegtheme.com/docbook/wp-content/uploads/sites/277/elementor/css/post-72854d4.css]
[templatekit.jegtheme.com/docbook/2022/05/20/top-10-books-to-make-your-better/feed/index.html]
[templatekit.jegtheme.com/docbook/tag/special/index.html]
[templatekit.jegtheme.com/docbook/wp-json/wp/v2/posts/728.json]
[templatekit.jegtheme.com/docbook/wp-json/oembed/1.0/embed8eef.json]
[templatekit.jegtheme.com/docbook/wp-json/oembed/1.0/embed5c14]
[templatekit.jegtheme.com/docbook/2022/05/20/top-10-books-to-make-your-better/index.html]
[templatekit.jegtheme.com/docbook/wp-content/uploads/sites/277/elementor/css/post-7206334.css]
[templatekit.jegtheme.com/docbook/2022/05/20/author-special-q-a-with-jessica-grey/feed/index.html]
[templatekit.jegtheme.com/docbook/wp-json/wp/v2/posts/720.json]
[templatekit.jegtheme.com/docbook/wp-json/oembed/1.0/embed5c59.json]
[templatekit.jegtheme.com/docbook/wp-json/oembed/1.0/embede754]
[templatekit.jegtheme.com/docbook/2022/05/20/author-special-q-a-with-jessica-grey/index.html]
[templatekit.jegtheme.com/docbook/wp-content/uploads/sites/277/elementor/css/post-7247bec.css]
[templatekit.jegtheme.com/docbook/index52c0.html]
[templatekit.jegtheme.com/docbook/wp-content/uploads/sites/277/2022/05/photo-of-books-on-the-table-at-home-decoration-top-view-of-the-table-with-books-on-it--e1653361732650.154.del]
[templatekit.jegtheme.com/docbook/wp-json/wp/v2/tags/35.json]
[templatekit.jegtheme.com/docbook/tag/writer/feed/index.html]
[templatekit.jegtheme.com/docbook/tag/tips/index.html]
[templatekit.jegtheme.com/docbook/tag/writer/index.html]
[templatekit.jegtheme.com/docbook/wp-content/uploads/sites/277/elementor/css/post-119808e5.css]
[templatekit.jegtheme.com/docbook/index90f2.html]
[templatekit.jegtheme.com/docbook/wp-content/uploads/sites/277/elementor/css/post-1209d2d9.css]
[templatekit.jegtheme.com/docbook/wp-content/plugins/metform/public/assets/css/metform-ui9e95.css]
[templatekit.jegtheme.com/docbook/wp-content/plugins/metform/public/assets/css/style9e95.css]
[templatekit.jegtheme.com/docbook/wp-content/plugins/woocommerce/assets/css/select29c05.css]
[templatekit.jegtheme.com/docbook/wp-content/uploads/sites/277/elementor/css/post-7f151.css]
[templatekit.jegtheme.com/docbook/indexc4f7.html]
[templatekit.jegtheme.com/docbook/shop/index.html]
[templatekit.jegtheme.com/docbook/wp-content/uploads/sites/277/2022/05/young-male-writer-with-black-curly-hair-sitting-indoors-in-cafe-with-pen-and-notepad-1024x682.jpg]
[templatekit.jegtheme.com/docbook/shop/indexdaaf.html]
[templatekit.jegtheme.com/docbook/shop/indexf4c6.html]
[templatekit.jegtheme.com/docbook/shop/index4850.html]
[templatekit.jegtheme.com/docbook/shop/feed/index.html]
[templatekit.jegtheme.com/docbook/shop/index1c5c.html]
[templatekit.jegtheme.com/docbook/shop/index1557.html]
[templatekit.jegtheme.com/docbook/shop/index51e2.html]
[templatekit.jegtheme.com/docbook/wp-content/plugins/woocommerce/assets/css/photoswipe/default-skin/default-skin.png]
[templatekit.jegtheme.com/docbook/wp-content/plugins/woocommerce/assets/css/photoswipe/photoswipe.min9c05.css]
[templatekit.jegtheme.com/docbook/shop/indexe2ad.html]
[templatekit.jegtheme.com/docbook/shop/indexa2f1.html]
[templatekit.jegtheme.com/docbook/shop/index26b1.html]
[templatekit.jegtheme.com/docbook/shop/indexddd5.html]
[templatekit.jegtheme.com/docbook/shop/index7789.html]
[templatekit.jegtheme.com/docbook/shop/indexf539.html]
[templatekit.jegtheme.com/docbook/wp-content/plugins/woocommerce/assets/css/photoswipe/default-skin/default-skin.svg]
[templatekit.jegtheme.com/docbook/wp-content/plugins/woocommerce/assets/css/photoswipe/default-skin/preloader.gif]
[templatekit.jegtheme.com/docbook/wp-content/plugins/woocommerce/assets/css/photoswipe/default-skin/default-skin.min9c05.css]
[templatekit.jegtheme.com/docbook/indexfbd5.html]
[templatekit.jegtheme.com/docbook/product/aenean-art-design/indexdaaf.html]
[templatekit.jegtheme.com/docbook/product/aenean-art-design/indexf539.html]
[templatekit.jegtheme.com/docbook/product/aenean-art-design/indexa2f1.html]
[templatekit.jegtheme.com/docbook/index7789.html]
[templatekit.jegtheme.com/docbook/index49b1.html]
[templatekit.jegtheme.com/docbook/product/aenean-typography/indexa2f1.html]
[templatekit.jegtheme.com/docbook/product/aenean-typography/index7789.html]
[templatekit.jegtheme.com/docbook/product/aenean-typography/index4850.html]
[templatekit.jegtheme.com/docbook/indexf539.html]
[templatekit.jegtheme.com/docbook/index4837.html]
[templatekit.jegtheme.com/docbook/product/art-of-life-vol-16/indexfeb1.html]
[templatekit.jegtheme.com/docbook/indexddd5.html]
[templatekit.jegtheme.com/docbook/index7e21.html]
[templatekit.jegtheme.com/docbook/index5c90.html]
[templatekit.jegtheme.com/docbook/indexc7e3.html]
[templatekit.jegtheme.com/docbook/product/cereal-vol-14-2019/indexfa27.html]
[templatekit.jegtheme.com/docbook/indexdd23.html]
[templatekit.jegtheme.com/docbook/index4170.html]
[templatekit.jegtheme.com/docbook/product/fluid-color-design/indexdaaf.html]
[templatekit.jegtheme.com/docbook/product/fluid-color-design/index7e21.html]
[templatekit.jegtheme.com/docbook/product/fluid-color-design/index4850.html]
[templatekit.jegtheme.com/docbook/indexba52.html]
[templatekit.jegtheme.com/docbook/product/geometric-vol-01/indexddd5.html]
[templatekit.jegtheme.com/docbook/product/geometric-vol-01/index26b1.html]
[templatekit.jegtheme.com/docbook/index3ba0.html]
[templatekit.jegtheme.com/docbook/product/geometric-vol-02/indexddd5.html]
[templatekit.jegtheme.com/docbook/product/geometric-vol-02/indexe2ad.html]
[templatekit.jegtheme.com/docbook/product-category/comedy/indexf4c6.html]
[templatekit.jegtheme.com/docbook/product-category/comedy/indexfeb1.html]
[templatekit.jegtheme.com/docbook/product-category/dictionary/index4850.html]
[templatekit.jegtheme.com/docbook/product-category/dictionary/indexdaaf.html]
[templatekit.jegtheme.com/docbook/product-category/dictionary/indexa2f1.html]
[templatekit.jegtheme.com/docbook/product-category/drama/index1557.html]
[templatekit.jegtheme.com/docbook/product-category/drama/indexfa27.html]
[templatekit.jegtheme.com/docbook/product-category/essays/indexdaaf.html]
[templatekit.jegtheme.com/docbook/product-category/essays/index7789.html]
[templatekit.jegtheme.com/docbook/product-category/fantasy/index51e2.html]
[templatekit.jegtheme.com/docbook/product-category/fiction/indexa2f1.html]
[templatekit.jegtheme.com/docbook/product-category/fiction/index7e21.html]
[templatekit.jegtheme.com/docbook/product-category/mystery/indexe2ad.html]
[templatekit.jegtheme.com/docbook/product-category/mystery/index26b1.html]
[templatekit.jegtheme.com/docbook/product-category/mystery/indexddd5.html]
[templatekit.jegtheme.com/docbook/product-category/novel/index1c5c.html]
[templatekit.jegtheme.com/docbook/product-category/sci-fi/index4850.html]
[templatekit.jegtheme.com/docbook/product-category/sci-fi/indexf539.html]
[templatekit.jegtheme.com/docbook/indexb93f.html]
[templatekit.jegtheme.com/docbook/product/pilus-journey/index1557.html]
[templatekit.jegtheme.com/docbook/index5643.html]
[templatekit.jegtheme.com/docbook/product/psychology-of-money/indexf4c6.html]
[templatekit.jegtheme.com/docbook/wp-content/uploads/sites/277/elementor/css/post-7254b01.css]
[templatekit.jegtheme.com/docbook/index1583.html]
[templatekit.jegtheme.com/docbook/shop/indexfeb1.html]
[templatekit.jegtheme.com/docbook/shop/index7e21.html]
[templatekit.jegtheme.com/docbook/shop/indexfa27.html]
[templatekit.jegtheme.com/docbook/tag/book/feed/index.html]
[templatekit.jegtheme.com/docbook/wp-json/wp/v2/tags/36.json]
[templatekit.jegtheme.com/docbook/wp-content/uploads/sites/277/2022/05/reading-the-book-1024x665.jpg]
[templatekit.jegtheme.com/docbook/tag/book/index.html]
[templatekit.jegtheme.com/docbook/wp-content/uploads/sites/277/elementor/css/post-726e87d.css]
[templatekit.jegtheme.com/docbook/index23a8.html]
[templatekit.jegtheme.com/docbook/wp-content/uploads/sites/277/2022/05/reading-a-book-1024x683.jpg]
[templatekit.jegtheme.com/docbook/wp-json/wp/v2/tags/37.json]
[templatekit.jegtheme.com/docbook/tag/author/feed/index.html]
[templatekit.jegtheme.com/docbook/tag/author/index.html]
[templatekit.jegtheme.com/docbook/indexcbb6.html]
[templatekit.jegtheme.com/docbook/product/geometric-vol-03/index26b1.html]
[templatekit.jegtheme.com/docbook/product/geometric-vol-03/indexe2ad.html]
[templatekit.jegtheme.com/docbook/index6c46.html]
[templatekit.jegtheme.com/docbook/product/how-innovation-works/indexdaaf.html]
[templatekit.jegtheme.com/docbook/index0d0b.html]
[templatekit.jegtheme.com/docbook/product/modern-life-hacks/index4850.html]
[templatekit.jegtheme.com/docbook/book-details/index26b1.html]
[templatekit.jegtheme.com/docbook/book-details/indexf4c6.html]
[templatekit.jegtheme.com/docbook/book-details/indexa2f1.html]
[templatekit.jegtheme.com/docbook/book-details/indexf539.html]
[templatekit.jegtheme.com/docbook/index1e7e.html]
[templatekit.jegtheme.com/docbook/product/rucksack-vol-02/indexa2f1.html]
[templatekit.jegtheme.com/docbook/book-details/indexfa27.html]
[templatekit.jegtheme.com/docbook/book-details/index1c5c.html]
[templatekit.jegtheme.com/docbook/book-details/indexe2ad.html]
[templatekit.jegtheme.com/docbook/book-details/indexddd5.html]
[templatekit.jegtheme.com/docbook/wp-content/uploads/sites/277/elementor/css/post-72754d4.css]
[templatekit.jegtheme.com/docbook/index58a0.html]
[templatekit.jegtheme.com/docbook/wp-content/uploads/sites/277/2022/05/woman-sitting-at-the-table-and-taking-notes-at-home-1024x682.jpg]
[templatekit.jegtheme.com/docbook/book-details/indexfeb1.html]
[templatekit.jegtheme.com/docbook/tag/special/feed/index.html]
[templatekit.jegtheme.com/docbook/wp-json/wp/v2/tags/38.json]
[templatekit.jegtheme.com/docbook/tag/special/index.html]
[templatekit.jegtheme.com/docbook/wp-content/uploads/sites/277/elementor/css/post-72854d4.css]
[templatekit.jegtheme.com/docbook/index9848.html]
[templatekit.jegtheme.com/docbook/wp-content/uploads/sites/277/elementor/css/post-7206334.css]
[templatekit.jegtheme.com/docbook/index7f9a.html]
[templatekit.jegtheme.com/docbook/wp-content/uploads/sites/277/2022/05/fresh-ideas-1024x690.jpg]
[templatekit.jegtheme.com/docbook/wp-json/wp/v2/tags/39.json]
[templatekit.jegtheme.com/docbook/tag/tips/feed/index.html]
[templatekit.jegtheme.com/docbook/tag/tips/index.html]
[templatekit.jegtheme.com/docbook/shop/index4850.html]
[templatekit.jegtheme.com/docbook/shop/indexdaaf.html]
[templatekit.jegtheme.com/docbook/shop/indexf4c6.html]
[templatekit.jegtheme.com/docbook/shop/index1c5c.html]
[templatekit.jegtheme.com/docbook/shop/index1557.html]
[templatekit.jegtheme.com/docbook/shop/index51e2.html]
[templatekit.jegtheme.com/docbook/shop/indexa2f1.html]
[templatekit.jegtheme.com/docbook/shop/indexe2ad.html]
[templatekit.jegtheme.com/docbook/shop/index26b1.html]
[templatekit.jegtheme.com/docbook/shop/indexddd5.html]
[templatekit.jegtheme.com/docbook/shop/index7789.html]
[templatekit.jegtheme.com/docbook/shop/indexf539.html]
[templatekit.jegtheme.com/docbook/shop/indexfa27.html]
[templatekit.jegtheme.com/docbook/shop/indexfeb1.html]
[templatekit.jegtheme.com/docbook/shop/index7e21.html]
[templatekit.jegtheme.com/docbook/wp-content/plugins/woocommerce/assets/css/photoswipe/default-skin/default-skin.svg]
[templatekit.jegtheme.com/docbook/book-details/indexfeb1.html]
[templatekit.jegtheme.com/docbook/wp-content/uploads/sites/277/2022/05/woman-sitting-near-the-window-and-writing-her-story-on-the-notepad--1024x683.jpg]
